2025-10-26 10:57:00,220 - INFO - Found 2 PDF files to process
2025-10-26 10:57:00,220 - INFO - Processing 2 PDFs sequentially
2025-10-26 10:57:00,221 - INFO - Processing PDF: data/ADULT AND CONTINUING EDUCATION/SANCTUS/23-11-2021 EXCEL DONE/EYIUCHE BLESSING AMARACHUKWU ESUT-2014-144727.pdf
2025-10-26 10:58:15,765 - INFO - Converted 94 pages to images
2025-10-26 10:58:15,769 - INFO - Processing page 1/94
2025-10-26 10:58:17,691 - INFO - Processing page 2/94
2025-10-26 10:58:18,819 - INFO - Processing page 3/94
2025-10-26 10:58:19,748 - INFO - Processing page 4/94
2025-10-26 10:58:20,444 - INFO - Processing page 5/94
2025-10-26 10:58:21,964 - INFO - Processing page 6/94
2025-10-26 10:58:23,299 - INFO - Processing page 7/94
2025-10-26 10:58:24,661 - INFO - Processing page 8/94
2025-10-26 10:58:25,559 - INFO - Processing page 9/94
2025-10-26 10:58:27,526 - INFO - Processing page 10/94
2025-10-26 10:58:29,165 - INFO - Processing page 11/94
2025-10-26 10:58:30,820 - INFO - Processing page 12/94
2025-10-26 10:58:32,555 - INFO - Processing page 13/94
2025-10-26 10:58:34,290 - INFO - Processing page 14/94
2025-10-26 10:58:36,025 - INFO - Processing page 15/94
2025-10-26 10:58:37,516 - INFO - Processing page 16/94
2025-10-26 10:58:39,066 - INFO - Processing page 17/94
2025-10-26 10:58:41,239 - INFO - Processing page 18/94
2025-10-26 10:58:42,878 - INFO - Processing page 19/94
2025-10-26 10:58:44,679 - INFO - Processing page 20/94
2025-10-26 10:58:46,421 - INFO - Processing page 21/94
2025-10-26 10:58:48,081 - INFO - Processing page 22/94
2025-10-26 10:58:48,998 - INFO - Processing page 23/94
2025-10-26 10:58:50,587 - INFO - Processing page 24/94
2025-10-26 10:58:52,406 - INFO - Processing page 25/94
2025-10-26 10:58:54,101 - INFO - Processing page 26/94
2025-10-26 10:58:55,872 - INFO - Processing page 27/94
2025-10-26 10:58:57,635 - INFO - Processing page 28/94
2025-10-26 10:58:59,319 - INFO - Processing page 29/94
2025-10-26 10:59:01,064 - INFO - Processing page 30/94
2025-10-26 10:59:02,566 - INFO - Processing page 31/94
2025-10-26 10:59:04,146 - INFO - Processing page 32/94
2025-10-26 10:59:05,728 - INFO - Processing page 33/94
2025-10-26 10:59:07,477 - INFO - Processing page 34/94
2025-10-26 10:59:09,213 - INFO - Processing page 35/94
2025-10-26 10:59:10,783 - INFO - Processing page 36/94
2025-10-26 10:59:12,349 - INFO - Processing page 37/94
2025-10-26 10:59:14,078 - INFO - Processing page 38/94
2025-10-26 10:59:15,779 - INFO - Processing page 39/94
2025-10-26 10:59:17,557 - INFO - Processing page 40/94
2025-10-26 10:59:19,266 - INFO - Processing page 41/94
2025-10-26 10:59:20,977 - INFO - Processing page 42/94
2025-10-26 10:59:22,537 - INFO - Processing page 43/94
2025-10-26 10:59:24,173 - INFO - Processing page 44/94
2025-10-26 10:59:25,859 - INFO - Processing page 45/94
2025-10-26 10:59:27,407 - INFO - Processing page 46/94
2025-10-26 10:59:28,907 - INFO - Processing page 47/94
2025-10-26 10:59:30,590 - INFO - Processing page 48/94
2025-10-26 10:59:32,281 - INFO - Processing page 49/94
2025-10-26 10:59:33,997 - INFO - Processing page 50/94
2025-10-26 10:59:35,661 - INFO - Processing page 51/94
2025-10-26 10:59:37,265 - INFO - Processing page 52/94
2025-10-26 10:59:38,877 - INFO - Processing page 53/94
2025-10-26 10:59:40,702 - INFO - Processing page 54/94
2025-10-26 10:59:42,356 - INFO - Processing page 55/94
2025-10-26 10:59:44,040 - INFO - Processing page 56/94
2025-10-26 10:59:45,692 - INFO - Processing page 57/94
2025-10-26 10:59:47,359 - INFO - Processing page 58/94
2025-10-26 10:59:48,927 - INFO - Processing page 59/94
2025-10-26 10:59:50,559 - INFO - Processing page 60/94
2025-10-26 10:59:51,660 - INFO - Processing page 61/94
2025-10-26 10:59:53,162 - INFO - Processing page 62/94
2025-10-26 10:59:54,684 - INFO - Processing page 63/94
2025-10-26 10:59:56,015 - INFO - Processing page 64/94
2025-10-26 10:59:57,215 - INFO - Processing page 65/94
2025-10-26 10:59:58,831 - INFO - Processing page 66/94
2025-10-26 11:00:00,281 - INFO - Processing page 67/94
2025-10-26 11:00:01,364 - INFO - Processing page 68/94
2025-10-26 11:00:02,380 - INFO - Processing page 69/94
2025-10-26 11:00:03,647 - INFO - Processing page 70/94
2025-10-26 11:00:05,123 - INFO - Processing page 71/94
2025-10-26 11:00:06,179 - INFO - Processing page 72/94
2025-10-26 11:00:07,410 - INFO - Processing page 73/94
2025-10-26 11:00:08,668 - INFO - Processing page 74/94
2025-10-26 11:00:09,879 - INFO - Processing page 75/94
2025-10-26 11:00:11,350 - INFO - Processing page 76/94
2025-10-26 11:00:12,531 - INFO - Processing page 77/94
2025-10-26 11:00:13,574 - INFO - Processing page 78/94
2025-10-26 11:00:14,875 - INFO - Processing page 79/94
2025-10-26 11:00:16,091 - INFO - Processing page 80/94
2025-10-26 11:00:17,384 - INFO - Processing page 81/94
2025-10-26 11:00:19,001 - INFO - Processing page 82/94
2025-10-26 11:00:20,546 - INFO - Processing page 83/94
2025-10-26 11:00:22,030 - INFO - Processing page 84/94
2025-10-26 11:00:23,572 - INFO - Processing page 85/94
2025-10-26 11:00:25,218 - INFO - Processing page 86/94
2025-10-26 11:00:26,632 - INFO - Processing page 87/94
2025-10-26 11:00:27,945 - INFO - Processing page 88/94
2025-10-26 11:00:29,969 - INFO - Processing page 89/94
2025-10-26 11:00:32,143 - INFO - Processing page 90/94
2025-10-26 11:00:33,829 - INFO - Processing page 91/94
2025-10-26 11:00:35,445 - INFO - Processing page 92/94
2025-10-26 11:00:36,543 - INFO - Processing page 93/94
2025-10-26 11:00:37,674 - INFO - Processing page 94/94
2025-10-26 11:00:38,640 - INFO - Successfully processed and saved: ocr_data_output/EYIUCHE BLESSING AMARACHUKWU ESUT-2014-144727.txt
2025-10-26 11:00:38,944 - INFO - ✅ Success: data/ADULT AND CONTINUING EDUCATION/SANCTUS/23-11-2021 EXCEL DONE/EYIUCHE BLESSING AMARACHUKWU ESUT-2014-144727.pdf
2025-10-26 11:00:38,944 - INFO - Processing PDF: data/ADULT AND CONTINUING EDUCATION/SANCTUS/23-11-2021 EXCEL DONE/NWAFOR JULIET IFEOMA ESUT-2014-155870.pdf
2025-10-26 11:01:55,539 - INFO - Converted 97 pages to images
2025-10-26 11:01:55,542 - INFO - Processing page 1/97
2025-10-26 11:01:56,648 - INFO - Processing page 2/97
2025-10-26 11:01:57,845 - INFO - Processing page 3/97
2025-10-26 11:01:58,802 - INFO - Processing page 4/97
2025-10-26 11:01:59,771 - INFO - Processing page 5/97
2025-10-26 11:02:00,964 - INFO - Processing page 6/97
2025-10-26 11:02:02,492 - INFO - Processing page 7/97
2025-10-26 11:02:04,001 - INFO - Processing page 8/97
2025-10-26 11:02:05,033 - INFO - Processing page 9/97
2025-10-26 11:02:06,800 - INFO - Processing page 10/97
2025-10-26 11:02:08,258 - INFO - Processing page 11/97
2025-10-26 11:02:09,875 - INFO - Processing page 12/97
2025-10-26 11:02:11,508 - INFO - Processing page 13/97
2025-10-26 11:02:13,144 - INFO - Processing page 14/97
2025-10-26 11:02:14,778 - INFO - Processing page 15/97
2025-10-26 11:02:16,438 - INFO - Processing page 16/97
2025-10-26 11:02:18,019 - INFO - Processing page 17/97
2025-10-26 11:02:19,529 - INFO - Processing page 18/97
2025-10-26 11:02:20,643 - INFO - Processing page 19/97
2025-10-26 11:02:22,234 - INFO - Processing page 20/97
2025-10-26 11:02:23,903 - INFO - Processing page 21/97
2025-10-26 11:02:25,560 - INFO - Processing page 22/97
2025-10-26 11:02:27,201 - INFO - Processing page 23/97
2025-10-26 11:02:29,044 - INFO - Processing page 24/97
2025-10-26 11:02:30,716 - INFO - Processing page 25/97
2025-10-26 11:02:32,443 - INFO - Processing page 26/97
2025-10-26 11:02:34,243 - INFO - Processing page 27/97
2025-10-26 11:02:35,898 - INFO - Processing page 28/97
2025-10-26 11:02:37,590 - INFO - Processing page 29/97
2025-10-26 11:02:39,278 - INFO - Processing page 30/97
2025-10-26 11:02:41,068 - INFO - Processing page 31/97
2025-10-26 11:02:42,601 - INFO - Processing page 32/97
2025-10-26 11:02:44,275 - INFO - Processing page 33/97
2025-10-26 11:02:45,968 - INFO - Processing page 34/97
2025-10-26 11:02:47,529 - INFO - Processing page 35/97
2025-10-26 11:02:49,189 - INFO - Processing page 36/97
2025-10-26 11:02:51,258 - INFO - Processing page 37/97
2025-10-26 11:02:53,123 - INFO - Processing page 38/97
2025-10-26 11:02:55,371 - INFO - Processing page 39/97
2025-10-26 11:02:57,516 - INFO - Processing page 40/97
2025-10-26 11:02:59,538 - INFO - Processing page 41/97
2025-10-26 11:03:01,423 - INFO - Processing page 42/97
2025-10-26 11:03:03,362 - INFO - Processing page 43/97
2025-10-26 11:03:05,189 - INFO - Processing page 44/97
2025-10-26 11:03:06,858 - INFO - Processing page 45/97
2025-10-26 11:03:08,776 - INFO - Processing page 46/97
2025-10-26 11:03:10,685 - INFO - Processing page 47/97
2025-10-26 11:03:12,584 - INFO - Processing page 48/97
2025-10-26 11:03:14,455 - INFO - Processing page 49/97
2025-10-26 11:03:16,455 - INFO - Processing page 50/97
2025-10-26 11:03:18,333 - INFO - Processing page 51/97
2025-10-26 11:03:20,161 - INFO - Processing page 52/97
2025-10-26 11:03:22,059 - INFO - Processing page 53/97
2025-10-26 11:03:23,609 - INFO - Processing page 54/97
2025-10-26 11:03:25,396 - INFO - Processing page 55/97
2025-10-26 11:03:27,062 - INFO - Processing page 56/97
2025-10-26 11:03:28,837 - INFO - Processing page 57/97
2025-10-26 11:03:30,670 - INFO - Processing page 58/97
2025-10-26 11:03:32,438 - INFO - Processing page 59/97
2025-10-26 11:03:34,095 - INFO - Processing page 60/97
2025-10-26 11:03:35,879 - INFO - Processing page 61/97
2025-10-26 11:03:37,549 - INFO - Processing page 62/97
2025-10-26 11:03:39,338 - INFO - Processing page 63/97
2025-10-26 11:03:41,393 - INFO - Processing page 64/97
2025-10-26 11:03:43,010 - INFO - Processing page 65/97
2025-10-26 11:03:43,921 - INFO - Processing page 66/97
2025-10-26 11:03:45,395 - INFO - Processing page 67/97
2025-10-26 11:03:47,011 - INFO - Processing page 68/97
2025-10-26 11:03:48,517 - INFO - Processing page 69/97
2025-10-26 11:03:50,171 - INFO - Processing page 70/97
2025-10-26 11:03:51,618 - INFO - Processing page 71/97
2025-10-26 11:03:52,812 - INFO - Processing page 72/97
2025-10-26 11:03:54,638 - INFO - Processing page 73/97
2025-10-26 11:03:56,330 - INFO - Processing page 74/97
2025-10-26 11:03:57,950 - INFO - Processing page 75/97
2025-10-26 11:03:59,660 - INFO - Processing page 76/97
2025-10-26 11:04:00,608 - INFO - Processing page 77/97
2025-10-26 11:04:02,241 - INFO - Processing page 78/97
2025-10-26 11:04:03,969 - INFO - Processing page 79/97
2025-10-26 11:04:05,624 - INFO - Processing page 80/97
2025-10-26 11:04:07,551 - INFO - Processing page 81/97
2025-10-26 11:04:09,423 - INFO - Processing page 82/97
2025-10-26 11:04:11,186 - INFO - Processing page 83/97
2025-10-26 11:04:12,717 - INFO - Processing page 84/97
2025-10-26 11:04:14,228 - INFO - Processing page 85/97
2025-10-26 11:04:15,780 - INFO - Processing page 86/97
2025-10-26 11:04:17,501 - INFO - Processing page 87/97
2025-10-26 11:04:19,629 - INFO - Processing page 88/97
2025-10-26 11:04:21,612 - INFO - Processing page 89/97
2025-10-26 11:04:23,789 - INFO - Processing page 90/97
2025-10-26 11:04:25,988 - INFO - Processing page 91/97
2025-10-26 11:04:27,122 - INFO - Processing page 92/97
2025-10-26 11:04:28,505 - INFO - Processing page 93/97
2025-10-26 11:04:29,573 - INFO - Processing page 94/97
2025-10-26 11:04:30,749 - INFO - Processing page 95/97
2025-10-26 11:04:31,957 - INFO - Processing page 96/97
2025-10-26 11:04:32,966 - INFO - Processing page 97/97
2025-10-26 11:04:33,914 - INFO - Successfully processed and saved: ocr_data_output/NWAFOR JULIET IFEOMA ESUT-2014-155870.txt
2025-10-26 11:04:34,272 - INFO - ✅ Success: data/ADULT AND CONTINUING EDUCATION/SANCTUS/23-11-2021 EXCEL DONE/NWAFOR JULIET IFEOMA ESUT-2014-155870.pdf
2025-10-26 11:04:34,272 - INFO - 
📊 PROCESSING SUMMARY:
2025-10-26 11:04:34,272 - INFO - 📂 Total PDFs processed: 2
2025-10-26 11:04:34,275 - INFO - ✅ Successful: 2
2025-10-26 11:04:34,275 - INFO - ❌ Failed: 0
2025-10-26 11:04:34,276 - INFO - 📁 Output folder: ocr_data_output
2025-10-26 11:04:34,420 - INFO - Load pretrained SentenceTransformer: sentence-transformers/all-MiniLM-L6-v2
2025-10-26 11:05:09,855 - INFO - Load pretrained SentenceTransformer: sentence-transformers/all-MiniLM-L6-v2
